11:12:27.374 [INFO ] [GEO] PropgWF: wf=50 pts, surf=2 pts, offset=1.000
11:12:27.390 [INFO ] [GEO] PropgWF: wf=50 pts, surf=50 pts, offset=1.000
11:12:27.390 [INFO ] [GEO] PropgWF: wf=2 pts, surf=2 pts, offset=1.000
11:12:39.025 [INFO ] [GEO] PropgWF: wf=50 pts, surf=2 pts, offset=1.000
11:12:39.025 [INFO ] [GEO] PropgWF: wf=50 pts, surf=50 pts, offset=1.000
11:12:39.041 [INFO ] [GEO] PropgWF: wf=2 pts, surf=2 pts, offset=1.000
11:13:44.323 [INFO ] [GEO] PropgWF: wf=50 pts, surf=2 pts, offset=1.000
11:13:44.323 [INFO ] [GEO] PropgWF: wf=50 pts, surf=50 pts, offset=1.000
11:13:44.339 [INFO ] [GEO] PropgWF: wf=2 pts, surf=2 pts, offset=1.000
11:14:50.029 [INFO ] [GEO] PropgWF: wf=50 pts, surf=2 pts, offset=1.000
11:14:50.029 [INFO ] [GEO] PropgWF: wf=50 pts, surf=50 pts, offset=1.000
11:14:50.029 [INFO ] [GEO] PropgWF: wf=2 pts, surf=2 pts, offset=1.000
11:15:16.433 [INFO ] [GEO] PropgWF: wf=50 pts, surf=2 pts, offset=1.000
11:15:16.433 [INFO ] [GEO] PropgWF: wf=50 pts, surf=50 pts, offset=1.000
11:15:16.433 [INFO ] [GEO] PropgWF: wf=2 pts, surf=2 pts, offset=1.000
11:17:48.462 [INFO ] [GEO] PropgWF: wf=50 pts, surf=2 pts, offset=1.000
11:17:48.462 [INFO ] [GEO] PropgWF: wf=50 pts, surf=50 pts, offset=1.000
11:17:48.462 [INFO ] [GEO] PropgWF: wf=2 pts, surf=2 pts, offset=1.000
11:18:50.813 [TRACE] [CMD] -> push
11:18:50.813 [INFO ] [CMD]   push: Modify ArcWF (undoStack=1)
11:18:50.813 [TRACE] [CMD] <- push
11:18:50.813 [INFO ] [GEO] PropgWF: wf=25 pts, surf=2 pts, offset=1.000
11:18:50.813 [INFO ] [GEO] PropgWF: wf=25 pts, surf=50 pts, offset=1.000
11:18:50.813 [INFO ] [GEO] PropgWF: wf=2 pts, surf=2 pts, offset=1.000
11:19:34.720 [TRACE] [CMD] -> push
11:19:34.720 [INFO ] [CMD]   push: Edit points of ptoRef (undoStack=2)
11:19:34.720 [TRACE] [CMD] <- push
11:19:34.720 [INFO ] [GEO] PropgWF: wf=25 pts, surf=2 pts, offset=1.000
11:19:34.736 [INFO ] [GEO] PropgWF: wf=25 pts, surf=50 pts, offset=1.000
11:19:34.736 [INFO ] [GEO] PropgWF: wf=2 pts, surf=2 pts, offset=1.000
13:16:30.720 [TRACE] [CMD] -> push
13:16:30.720 [INFO ] [CMD]   push: Edit points of ptoRef (undoStack=1)
13:16:30.720 [TRACE] [CMD] <- push
13:16:30.720 [INFO ] [GEO] PropgWF: wf=50 pts, surf=2 pts, offset=1.000
13:16:30.720 [INFO ] [GEO] PropgWF: wf=50 pts, surf=50 pts, offset=1.000
13:16:30.720 [INFO ] [GEO] PropgWF: wf=2 pts, surf=2 pts, offset=1.000
13:17:06.756 [TRACE] [CMD] -> push
13:17:06.756 [INFO ] [CMD]   push: Modify PlanarWF (undoStack=2)
13:17:06.756 [TRACE] [CMD] <- push
13:17:06.756 [INFO ] [GEO] PropgWF: wf=50 pts, surf=2 pts, offset=1.000
13:17:06.756 [INFO ] [GEO] PropgWF: wf=50 pts, surf=50 pts, offset=1.000
13:17:06.756 [INFO ] [GEO] PropgWF: wf=2 pts, surf=2 pts, offset=1.000
13:17:19.006 [TRACE] [CMD] -> push
13:17:19.006 [INFO ] [CMD]   push: Modify PlanarWF (undoStack=3)
13:17:19.006 [TRACE] [CMD] <- push
13:17:19.006 [INFO ] [GEO] PropgWF: wf=50 pts, surf=2 pts, offset=1.000
13:17:19.006 [INFO ] [GEO] PropgWF: wf=50 pts, surf=50 pts, offset=1.000
13:17:19.006 [INFO ] [GEO] PropgWF: wf=2 pts, surf=2 pts, offset=1.000
13:17:51.771 [TRACE] [CMD] -> push
13:17:51.771 [INFO ] [CMD]   push: Rotate PlanarWF (undoStack=4)
13:17:51.771 [TRACE] [CMD] <- push
13:17:51.771 [INFO ] [GEO] PropgWF: wf=50 pts, surf=2 pts, offset=1.000
13:17:51.771 [INFO ] [GEO] PropgWF: wf=50 pts, surf=50 pts, offset=1.000
13:17:51.787 [INFO ] [GEO] PropgWF: wf=2 pts, surf=2 pts, offset=1.000
13:18:07.465 [TRACE] [CMD] -> push
13:18:07.465 [INFO ] [CMD]   push: Translate PlanarWF (undoStack=5)
13:18:07.465 [TRACE] [CMD] <- push
13:18:07.465 [INFO ] [GEO] PropgWF: wf=50 pts, surf=2 pts, offset=1.000
13:18:07.465 [INFO ] [GEO] PropgWF: wf=50 pts, surf=50 pts, offset=1.000
13:18:07.465 [INFO ] [GEO] PropgWF: wf=2 pts, surf=2 pts, offset=1.000
13:18:41.863 [TRACE] [CMD] -> push
13:18:41.863 [INFO ] [CMD]   push: Rotate PlanarWF (undoStack=6)
13:18:41.863 [TRACE] [CMD] <- push
13:18:41.863 [INFO ] [GEO] PropgWF: wf=50 pts, surf=2 pts, offset=1.000
13:18:41.863 [INFO ] [GEO] PropgWF: wf=50 pts, surf=50 pts, offset=1.000
13:18:41.878 [INFO ] [GEO] PropgWF: wf=2 pts, surf=2 pts, offset=1.000
13:19:44.517 [TRACE] [CMD] -> push
13:19:44.517 [INFO ] [CMD]   push: Translate ptoRef (undoStack=7)
13:19:44.517 [TRACE] [CMD] <- push
13:19:44.517 [INFO ] [GEO] PropgWF: wf=50 pts, surf=2 pts, offset=1.000
13:19:44.517 [INFO ] [GEO] PropgWF: wf=50 pts, surf=50 pts, offset=1.000
13:19:44.533 [INFO ] [GEO] PropgWF: wf=2 pts, surf=2 pts, offset=1.000
13:20:05.782 [TRACE] [CMD] -> push
13:20:05.782 [INFO ] [CMD]   push: Translate ptoRef (undoStack=8)
13:20:05.782 [TRACE] [CMD] <- push
13:20:05.782 [INFO ] [GEO] PropgWF: wf=50 pts, surf=2 pts, offset=1.000
13:20:05.782 [INFO ] [GEO] PropgWF: wf=50 pts, surf=50 pts, offset=1.000
13:20:05.782 [INFO ] [GEO] PropgWF: wf=2 pts, surf=2 pts, offset=1.000
13:23:40.137 [TRACE] [CMD] -> push
13:23:40.137 [INFO ] [CMD]   push: Translate PlanarWF (undoStack=9)
13:23:40.137 [TRACE] [CMD] <- push
13:23:40.137 [INFO ] [GEO] PropgWF: wf=50 pts, surf=2 pts, offset=1.000
13:23:40.137 [INFO ] [GEO] PropgWF: wf=50 pts, surf=50 pts, offset=1.000
13:23:40.137 [INFO ] [GEO] PropgWF: wf=2 pts, surf=2 pts, offset=1.000
13:48:10.418 [TRACE] [CMD] -> push
13:48:10.418 [INFO ] [CMD]   push: Modify RTI Lateral (undoStack=10)
13:48:10.418 [TRACE] [CMD] <- push
13:48:10.418 [INFO ] [GEO] PropgWF: wf=50 pts, surf=2 pts, offset=1.000
13:48:10.418 [INFO ] [GEO] PropgWF: wf=50 pts, surf=50 pts, offset=1.000
13:48:10.418 [INFO ] [GEO] PropgWF: wf=2 pts, surf=2 pts, offset=1.000
13:48:21.153 [TRACE] [CMD] -> push
13:48:21.153 [INFO ] [CMD]   push: Modify Outter CL (undoStack=11)
13:48:21.153 [TRACE] [CMD] <- push
13:48:21.153 [INFO ] [GEO] PropgWF: wf=50 pts, surf=2 pts, offset=1.000
13:48:21.153 [INFO ] [GEO] PropgWF: wf=50 pts, surf=50 pts, offset=1.000
13:48:21.153 [INFO ] [GEO] PropgWF: wf=2 pts, surf=2 pts, offset=1.000
13:48:52.130 [INFO ] [CAD] exportMultipleToCAD: 5 objects → E:/Projects/newVibes/ExpressDesignerQt/bin/cad/export_r-extrussion_4_outter-cl.step
13:48:52.130 [INFO ] [CAD] Format: STEP (AP214)
13:48:52.146 [INFO ] [CAD] [1/5] 2 pts, rot=1 lin=0
13:48:52.146 [INFO ] [CAD] [1/5] Wire OK
13:48:52.146 [INFO ] [CAD] [2/5] 2 pts, rot=1 lin=0
13:48:52.146 [INFO ] [CAD] [2/5] Wire OK
13:48:52.146 [INFO ] [CAD] [3/5] 50 pts, rot=1 lin=0
13:48:52.146 [INFO ] [CAD] [3/5] Wire OK
13:48:52.146 [INFO ] [CAD] Curve clipped for rotation (50 pts → 48 pts)
13:48:52.146 [INFO ] [CAD] [4/5] 302 pts, rot=1 lin=0
13:48:52.271 [INFO ] [CAD] [4/5] Wire OK
13:48:52.412 [INFO ] [CAD] [5/5] 530 pts, rot=1 lin=0
13:48:53.349 [INFO ] [CAD] [5/5] Wire OK
13:48:53.349 [INFO ] [CAD] Curve clipped for rotation (530 pts → 529 pts)
13:48:54.304 [INFO ] [CAD] Writing STEP with 5 shapes...
13:48:54.351 [INFO ] [CAD] exportMultipleToCAD: SUCCESS → E:/Projects/newVibes/ExpressDesignerQt/bin/cad/export_r-extrussion_4_outter-cl.step
08:26:06.331 [TRACE] [CMD] -> push
08:26:06.366 [INFO ] [CMD]   push: Edit points of refLine (undoStack=1)
08:26:06.366 [TRACE] [CMD] <- push
08:26:06.366 [INFO ] [GEO] PropgWF: wf=50 pts, surf=2 pts, offset=1.000
08:26:06.371 [INFO ] [GEO] PropgWF: wf=50 pts, surf=50 pts, offset=1.000
08:26:06.371 [INFO ] [GEO] PropgWF: wf=2 pts, surf=2 pts, offset=1.000
07:33:52.381 [INFO ] [GEO] PropgWF: wf=50 pts, surf=2 pts, offset=1.000
07:33:52.418 [INFO ] [GEO] PropgWF: wf=50 pts, surf=50 pts, offset=1.000
07:33:52.422 [INFO ] [GEO] PropgWF: wf=2 pts, surf=2 pts, offset=1.000
11:23:07.674 [TRACE] [CMD] -> push
11:23:07.708 [INFO ] [CMD]   push: Modify ArcWF_copy (undoStack=1)
11:23:07.708 [TRACE] [CMD] <- push
11:23:07.708 [INFO ] [GEO] PropgWF: wf=50 pts, surf=2 pts, offset=1.000
11:23:07.731 [INFO ] [GEO] PropgWF: wf=50 pts, surf=50 pts, offset=1.000
11:23:07.734 [INFO ] [GEO] PropgWF: wf=2 pts, surf=2 pts, offset=1.000
20:55:00.505 [INFO ] [GEO] PropgWF: wf=50 pts, surf=2 pts, offset=1.000
20:55:00.542 [INFO ] [GEO] PropgWF: wf=50 pts, surf=50 pts, offset=1.000
20:55:00.545 [INFO ] [GEO] PropgWF: wf=2 pts, surf=2 pts, offset=1.000
20:55:23.749 [TRACE] [CMD] -> push
20:55:23.749 [INFO ] [CMD]   push: Modify ArcWF_copy (undoStack=1)
20:55:23.749 [TRACE] [CMD] <- push
20:55:23.750 [INFO ] [GEO] PropgWF: wf=50 pts, surf=2 pts, offset=1.000
20:55:23.752 [INFO ] [GEO] PropgWF: wf=50 pts, surf=50 pts, offset=1.000
20:55:23.755 [INFO ] [GEO] PropgWF: wf=2 pts, surf=2 pts, offset=1.000
20:55:46.891 [TRACE] [CMD] -> push
20:55:46.892 [INFO ] [CMD]   push: Edit points of ptoRef (undoStack=2)
20:55:46.892 [TRACE] [CMD] <- push
20:55:46.892 [INFO ] [GEO] PropgWF: wf=50 pts, surf=2 pts, offset=1.000
20:55:46.893 [INFO ] [GEO] PropgWF: wf=50 pts, surf=50 pts, offset=1.000
20:55:46.897 [INFO ] [GEO] PropgWF: wf=2 pts, surf=2 pts, offset=1.000
